This file contains any messages produced by compilers while
running configure, to aid debugging if configure makes a mistake.

It was created by frmw_aligncons configure 0.1, which was
generated by GNU Autoconf 2.71.  Invocation command line was

  $ ./configure --no-create --no-recursion

## --------- ##
## Platform. ##
## --------- ##

hostname = bd
uname -m = x86_64
uname -r = 6.8.0-101-generic
uname -s = Linux
uname -v = #101-Ubuntu SMP PREEMPT_DYNAMIC Mon Feb  9 10:15:05 UTC 2026

/usr/bin/uname -p = x86_64
/bin/uname -X     = unknown

/bin/arch              = x86_64
/usr/bin/arch -k       = unknown
/usr/convex/getsysinfo = unknown
/usr/bin/hostinfo      = unknown
/bin/machine           = unknown
/usr/bin/oslevel       = unknown
/bin/universe          = unknown

PATH: /usr/local/sbin/
PATH: /usr/local/bin/
PATH: /usr/sbin/
PATH: /usr/bin/
PATH: /sbin/
PATH: /bin/
PATH: /usr/games/
PATH: /usr/local/games/
PATH: /snap/bin/


## ----------- ##
## Core tests. ##
## ----------- ##

configure:2023: looking for aux files: missing install-sh config.guess config.sub
configure:2036:  trying ./
configure:2065:   ./missing found
configure:2047:   ./install-sh found
configure:2065:   ./config.guess found
configure:2065:   ./config.sub found
configure:2188: checking build system type
configure:2203: result: x86_64-pc-linux-gnu
configure:2223: checking host system type
configure:2237: result: x86_64-pc-linux-gnu
configure:2257: checking target system type
configure:2271: result: x86_64-pc-linux-gnu
configure:2346: checking for a BSD-compatible install
configure:2419: result: /usr/bin/install -c
configure:2430: checking whether build environment is sane
configure:2485: result: yes
configure:2644: checking for a race-free mkdir -p
configure:2688: result: /usr/bin/mkdir -p
configure:2695: checking for gawk
configure:2716: found /usr/bin/gawk
configure:2727: result: gawk
configure:2738: checking whether make sets $(MAKE)
configure:2761: result: yes
configure:2791: checking whether make supports nested variables
configure:2809: result: yes
configure:3014: checking for g++
configure:3035: found /usr/bin/g++
configure:3046: result: g++
configure:3073: checking for C++ compiler version
configure:3082: g++ --version >&5
g++ (Ubuntu 13.3.0-6ubuntu2~24.04.1) 13.3.0
Copyright (C) 2023 Free Software Foundation, Inc.
This is free software; see the source for copying conditions.  There is NO
warranty; not even for MERCHANTABILITY or FITNESS FOR A PARTICULAR PURPOSE.

configure:3093: $? = 0
configure:3082: g++ -v >&5
Using built-in specs.
COLLECT_GCC=g++
COLLECT_LTO_WRAPPER=/usr/libexec/gcc/x86_64-linux-gnu/13/lto-wrapper
OFFLOAD_TARGET_NAMES=nvptx-none:amdgcn-amdhsa
OFFLOAD_TARGET_DEFAULT=1
Target: x86_64-linux-gnu
Configured with: ../src/configure -v --with-pkgversion='Ubuntu 13.3.0-6ubuntu2~24.04.1' --with-bugurl=file:///usr/share/doc/gcc-13/README.Bugs --enable-languages=c,ada,c++,go,d,fortran,objc,obj-c++,m2 --prefix=/usr --with-gcc-major-version-only --program-suffix=-13 --program-prefix=x86_64-linux-gnu- --enable-shared --enable-linker-build-id --libexecdir=/usr/libexec --without-included-gettext --enable-threads=posix --libdir=/usr/lib --enable-nls --enable-bootstrap --enable-clocale=gnu --enable-libstdcxx-debug --enable-libstdcxx-time=yes --with-default-libstdcxx-abi=new --enable-libstdcxx-backtrace --enable-gnu-unique-object --disable-vtable-verify --enable-plugin --enable-default-pie --with-system-zlib --enable-libphobos-checking=release --with-target-system-zlib=auto --enable-objc-gc=auto --enable-multiarch --disable-werror --enable-cet --with-arch-32=i686 --with-abi=m64 --with-multilib-list=m32,m64,mx32 --enable-multilib --with-tune=generic --enable-offload-targets=nvptx-none=/build/gcc-13-EldibY/gcc-13-13.3.0/debian/tmp-nvptx/usr,amdgcn-amdhsa=/build/gcc-13-EldibY/gcc-13-13.3.0/debian/tmp-gcn/usr --enable-offload-defaulted --without-cuda-driver --enable-checking=release --build=x86_64-linux-gnu --host=x86_64-linux-gnu --target=x86_64-linux-gnu --with-build-config=bootstrap-lto-lean --enable-link-serialization=2
Thread model: posix
Supported LTO compression algorithms: zlib zstd
gcc version 13.3.0 (Ubuntu 13.3.0-6ubuntu2~24.04.1) 
... rest of stderr output deleted ...
configure:3093: $? = 0
configure:3082: g++ -V >&5
g++: error: unrecognized command-line option '-V'
g++: fatal error: no input files
compilation terminated.
configure:3093: $? = 1
configure:3082: g++ -qversion >&5
g++: error: unrecognized command-line option '-qversion'; did you mean '--version'?
g++: fatal error: no input files
compilation terminated.
configure:3093: $? = 1
configure:3113: checking whether the C++ compiler works
configure:3135: g++    conftest.cpp  >&5
configure:3139: $? = 0
configure:3189: result: yes
configure:3192: checking for C++ compiler default output file name
configure:3194: result: a.out
configure:3200: checking for suffix of executables
configure:3207: g++ -o conftest    conftest.cpp  >&5
configure:3211: $? = 0
configure:3234: result: 
configure:3256: checking whether we are cross compiling
configure:3264: g++ -o conftest    conftest.cpp  >&5
configure:3268: $? = 0
configure:3275: ./conftest
configure:3279: $? = 0
configure:3294: result: no
configure:3299: checking for suffix of object files
configure:3322: g++ -c   conftest.cpp >&5
configure:3326: $? = 0
configure:3348: result: o
configure:3352: checking whether the compiler supports GNU C++
configure:3372: g++ -c   conftest.cpp >&5
configure:3372: $? = 0
configure:3382: result: yes
configure:3393: checking whether g++ accepts -g
configure:3414: g++ -c -g  conftest.cpp >&5
configure:3414: $? = 0
configure:3458: result: yes
configure:3478: checking for g++ option to enable C++11 features
configure:3493: g++  -c -g -O2  conftest.cpp >&5
conftest.cpp: In function 'int main(int, char**)':
conftest.cpp:178:25: warning: empty parentheses were disambiguated as a function declaration [-Wvexing-parse]
  178 |   cxx11test::delegate d2();
      |                         ^~
conftest.cpp:178:25: note: remove parentheses to default-initialize a variable
  178 |   cxx11test::delegate d2();
      |                         ^~
      |                         --
conftest.cpp:178:25: note: or replace parentheses with braces to value-initialize a variable
configure:3493: $? = 0
configure:3511: result: none needed
configure:3578: checking whether make supports the include directive
configure:3593: make -f confmf.GNU && cat confinc.out
make[1]: Entering directory '/home/junior/MSA-XFlow/alignconsregr'
make[1]: Leaving directory '/home/junior/MSA-XFlow/alignconsregr'
this is the am__doit target
configure:3596: $? = 0
configure:3615: result: yes (GNU style)
configure:3641: checking dependency style of g++
configure:3753: result: gcc3
configure:3873: checking that generated files are newer than configure
configure:3879: result: done
configure:3902: creating ./config.status

## ---------------- ##
## Cache variables. ##
## ---------------- ##

ac_cv_build=x86_64-pc-linux-gnu
ac_cv_cxx_compiler_gnu=yes
ac_cv_env_CCC_set=
ac_cv_env_CCC_value=
ac_cv_env_CPPFLAGS_set=
ac_cv_env_CPPFLAGS_value=
ac_cv_env_CXXFLAGS_set=
ac_cv_env_CXXFLAGS_value=
ac_cv_env_CXX_set=
ac_cv_env_CXX_value=
ac_cv_env_LDFLAGS_set=
ac_cv_env_LDFLAGS_value=
ac_cv_env_LIBS_set=
ac_cv_env_LIBS_value=
ac_cv_env_build_alias_set=
ac_cv_env_build_alias_value=
ac_cv_env_host_alias_set=
ac_cv_env_host_alias_value=
ac_cv_env_target_alias_set=
ac_cv_env_target_alias_value=
ac_cv_host=x86_64-pc-linux-gnu
ac_cv_objext=o
ac_cv_path_install='/usr/bin/install -c'
ac_cv_path_mkdir=/usr/bin/mkdir
ac_cv_prog_AWK=gawk
ac_cv_prog_ac_ct_CXX=g++
ac_cv_prog_cxx_cxx11=
ac_cv_prog_cxx_g=yes
ac_cv_prog_cxx_stdcxx=
ac_cv_prog_make_make_set=yes
ac_cv_target=x86_64-pc-linux-gnu
am_cv_CXX_dependencies_compiler_type=gcc3
am_cv_make_support_nested_variables=yes

## ----------------- ##
## Output variables. ##
## ----------------- ##

ACLOCAL='${SHELL} '\''/home/junior/MSA-XFlow/alignconsregr/missing'\'' aclocal-1.16'
AMDEPBACKSLASH='\'
AMDEP_FALSE='#'
AMDEP_TRUE=''
AMTAR='$${TAR-tar}'
AM_BACKSLASH='\'
AM_DEFAULT_V='$(AM_DEFAULT_VERBOSITY)'
AM_DEFAULT_VERBOSITY='1'
AM_V='$(V)'
AUTOCONF='${SHELL} '\''/home/junior/MSA-XFlow/alignconsregr/missing'\'' autoconf'
AUTOHEADER='${SHELL} '\''/home/junior/MSA-XFlow/alignconsregr/missing'\'' autoheader'
AUTOMAKE='${SHELL} '\''/home/junior/MSA-XFlow/alignconsregr/missing'\'' automake-1.16'
AWK='gawk'
CPPFLAGS=''
CSCOPE='cscope'
CTAGS='ctags'
CXX='g++'
CXXDEPMODE='depmode=gcc3'
CXXFLAGS='-g -O2'
CYGPATH_W='echo'
DEFS='-DHAVE_CONFIG_H'
DEPDIR='.deps'
ECHO_C=''
ECHO_N='-n'
ECHO_T=''
ETAGS='etags'
EXEEXT=''
INSTALL_DATA='${INSTALL} -m 644'
INSTALL_PROGRAM='${INSTALL}'
INSTALL_SCRIPT='${INSTALL}'
INSTALL_STRIP_PROGRAM='$(install_sh) -c -s'
LDFLAGS=''
LIBOBJS=''
LIBS=''
LTLIBOBJS=''
MAKEINFO='${SHELL} '\''/home/junior/MSA-XFlow/alignconsregr/missing'\'' makeinfo'
MKDIR_P='/usr/bin/mkdir -p'
OBJEXT='o'
PACKAGE='frmw_aligncons'
PACKAGE_BUGREPORT='mjoaojr@gmail.com'
PACKAGE_NAME='frmw_aligncons'
PACKAGE_STRING='frmw_aligncons 0.1'
PACKAGE_TARNAME='frmw_aligncons'
PACKAGE_URL=''
PACKAGE_VERSION='0.1'
PATH_SEPARATOR=':'
SET_MAKE=''
SHELL='/bin/bash'
STRIP=''
VERSION='0.1'
ac_ct_CXX='g++'
am__EXEEXT_FALSE=''
am__EXEEXT_TRUE='#'
am__fastdepCXX_FALSE='#'
am__fastdepCXX_TRUE=''
am__include='include'
am__isrc=''
am__leading_dot='.'
am__nodep='_no'
am__quote=''
am__tar='$${TAR-tar} chof - "$$tardir"'
am__untar='$${TAR-tar} xf -'
bindir='${exec_prefix}/bin'
build='x86_64-pc-linux-gnu'
build_alias=''
build_cpu='x86_64'
build_os='linux-gnu'
build_vendor='pc'
datadir='${datarootdir}'
datarootdir='${prefix}/share'
docdir='${datarootdir}/doc/${PACKAGE_TARNAME}'
dvidir='${docdir}'
exec_prefix='${prefix}'
host='x86_64-pc-linux-gnu'
host_alias=''
host_cpu='x86_64'
host_os='linux-gnu'
host_vendor='pc'
htmldir='${docdir}'
includedir='${prefix}/include'
infodir='${datarootdir}/info'
install_sh='${SHELL} /home/junior/MSA-XFlow/alignconsregr/install-sh'
libdir='${exec_prefix}/lib'
libexecdir='${exec_prefix}/libexec'
localedir='${datarootdir}/locale'
localstatedir='${prefix}/var'
mandir='${datarootdir}/man'
mkdir_p='$(MKDIR_P)'
oldincludedir='/usr/include'
pdfdir='${docdir}'
prefix='/usr/local'
program_transform_name='s,x,x,'
psdir='${docdir}'
runstatedir='${localstatedir}/run'
sbindir='${exec_prefix}/sbin'
sharedstatedir='${prefix}/com'
sysconfdir='${prefix}/etc'
target='x86_64-pc-linux-gnu'
target_alias=''
target_cpu='x86_64'
target_os='linux-gnu'
target_vendor='pc'

## ----------- ##
## confdefs.h. ##
## ----------- ##

/* confdefs.h */
#define PACKAGE_NAME "frmw_aligncons"
#define PACKAGE_TARNAME "frmw_aligncons"
#define PACKAGE_VERSION "0.1"
#define PACKAGE_STRING "frmw_aligncons 0.1"
#define PACKAGE_BUGREPORT "mjoaojr@gmail.com"
#define PACKAGE_URL ""
#define OS_UNIX 1
#define PACKAGE "frmw_aligncons"
#define VERSION "0.1"

configure: exit 0

## ---------------------- ##
## Running config.status. ##
## ---------------------- ##

This file was extended by frmw_aligncons config.status 0.1, which was
generated by GNU Autoconf 2.71.  Invocation command line was

  CONFIG_FILES    = 
  CONFIG_HEADERS  = 
  CONFIG_LINKS    = 
  CONFIG_COMMANDS = 
  $ ./config.status 

on bd

config.status:850: creating Makefile
config.status:850: creating src/Makefile
config.status:850: creating config.h
config.status:1031: config.h is unchanged
config.status:1079: executing depfiles commands
config.status:1156: cd src       && sed -e '/# am--include-marker/d' Makefile         | make -f - am--depfiles
make[1]: Entering directory '/home/junior/MSA-XFlow/alignconsregr/src'
make[1]: Nothing to be done for 'am--depfiles'.
make[1]: Leaving directory '/home/junior/MSA-XFlow/alignconsregr/src'
config.status:1161: $? = 0

## ---------------------- ##
## Running config.status. ##
## ---------------------- ##

This file was extended by frmw_aligncons config.status 0.1, which was
generated by GNU Autoconf 2.71.  Invocation command line was

  CONFIG_FILES    = 
  CONFIG_HEADERS  = 
  CONFIG_LINKS    = 
  CONFIG_COMMANDS = 
  $ ./config.status config.h

on bd

config.status:850: creating config.h
config.status:1031: config.h is unchanged
